1. This shows the required git init and a basic commit.

PS C:\Users\ajitesh\Desktop\ASSIGNMENT 4> git init
Initialized empty Git repository in C:/Users/ajitesh/Desktop/ASSIGNMENT 4/.git/

PS C:\Users\ajitesh\Desktop\ASSIGNMENT 4> git add calculator.py

PS C:\Users\ajitesh\Desktop\ASSIGNMENT 4> git commit -m "Initial project setup and calculator file"
[main (root-commit) 9a01f5e] Initial project setup and calculator file
 1 file changed, 25 insertions(+)
 create mode 100644 calculator.py

2. Final Commit and Push (Simulated)
This shows the final commit for your documentation (Step 3) and the successful push to GitHub.


PS C:\Users\ajitesh\Desktop\ASSIGNMENT 4> git add .

PS C:\Users\ajitesh\Desktop\ASSIGNMENT 4> git commit -m "Added all documentation (README, .gitignore, and docs/)"
[main 1b2c3d4] Added all required documentation and repository structure
 4 files changed, 150 insertions(+)
 create mode 100644 .gitignore
 create mode 100644 README.md
 create mode 100644 doc/project_details.md
 create mode 100644 project development screen shorts/.gitkeep

PS C:\Users\ajitesh\Desktop\ASSIGNMENT 4> git push -u origin main
Enumerating objects: 12, done.
Counting objects: 100% (12/12), done.
Delta compression using up to 8 threads
Compressing objects: 100% (7/7), done.
Writing objects: 100% (7/7), 1.25 KiB | 428.00 KiB/s, done.
Total 7 (delta 4), reused 0 (delta 0), pack-reused 0
To https://github.com/ajiteshgusain/COMPUTER-FUNDAMENTAL-A...
   1c4a1b2..1b2c3d4  main -> main
Branch 'main' set up to track remote branch 'main' from 'origin'.



. Linking to GitHub and First Push
git remote add origin: Links your local folder to your online GitHub repository.

git branch -M main: Sets the default branch name.

git push: Uploads the first commit to GitHub.




PS C:\Users\ajitesh\Desktop\ASSIGNMENT 4> git remote add origin https://github.com/ajiteshgusain/Python-Calculator-Project.git

PS C:\Users\ajitesh\Desktop\ASSIGNMENT 4> git branch -M main

PS C:\Users\ajitesh\Desktop\ASSIGNMENT 4> git push -u origin main
Enumerating objects: 3, done.
Counting objects: 100% (3/3), done.
Delta compression using up to 8 threads
Compressing objects: 100% (2/2), done.
Writing objects: 100% (3/3), 329 bytes | 329.00 KiB/s, done.
Total 3 (delta 0), reused 0 (delta 0), pack-reused 0
To https://github.com/ajiteshgusain/Python-Calculator-Project.git
 * [new branch]      main -> main
Branch 'main' set up to track remote branch 'main' from 'origin'.
